{
    "MiSeq data test": {
        "content": [
            "multiqc_citations.txt:md5,4c806e63a283ec1b7e78cdae3a923d4f",
            "multiqc_fastqc.txt:md5,7b1b7fd457b60404768045b148d4c0a8",
            "multiqc_general_stats.txt:md5,5b28a83b14cb2fe88d084d08900ebdbf"
        ],
        "meta": {
            "nf-test": "0.9.1",
            "nextflow": "24.04.4"
        },
        "timestamp": "2024-10-30T09:08:29.692511055"
    }
}