{
    "PromethION data test": {
        "content": [
            "multiqc_citations.txt:md5,4c806e63a283ec1b7e78cdae3a923d4f",
            "multiqc_fastqc.txt:md5,1a4b472e13cadc770832b0e20d1de7b0",
            "multiqc_general_stats.txt:md5,409cefc7f17f95d176ced6032bf8fb32"
        ],
        "meta": {
            "nf-test": "0.9.1",
            "nextflow": "24.04.4"
        },
        "timestamp": "2024-10-30T09:12:03.048502046"
    }
}